// Jest Snapshot v1, https://goo.gl/fbAQLP

exports[`<ManageUserProfileContainers> matches snapshot 1`] = `
<div>
  <UserProfileContainer
    userData={Array []}
  />
</div>
`;
