// Jest Snapshot v1, https://goo.gl/fbAQLP

exports[`Service Tests matches snapshot 1`] = `<Component />`;
